
          User@DESKTOP-4NJMGHV MINGW64 ~/Documents/NetBeansProjects/demo_crud (master)
$ git status
                    On branch master
                    Your branch is up to date with 'origin/master'.

                    nothing to commit, working tree clean

          User@DESKTOP-4NJMGHV MINGW64 ~/Documents/NetBeansProjects/demo_crud (master)
$ git status
                     On branch master
                     Your branch is up to date with 'origin/master'.

                      Changes not staged for commit:
                       (use "git add <file>..." to update what will be committed)
                       (use "git restore <file>..." to discard changes in working directory)
                         modified:   cod sql db.txt

                        no changes added to commit (use "git add" and/or "git commit -a")

            User@DESKTOP-4NJMGHV MINGW64 ~/Documents/NetBeansProjects/demo_crud (master)
$ git add .

              User@DESKTOP-4NJMGHV MINGW64 ~/Documents/NetBeansProjects/demo_crud (master)
$ git status
                         On branch master
                         Your branch is up to date with 'origin/master'.

                         Changes to be committed:
                         (use "git restore --staged <file>..." to unstage)
                          modified:   cod sql db.txt


               User@DESKTOP-4NJMGHV MINGW64 ~/Documents/NetBeansProjects/demo_crud (master)
$ git commit -m "modificado"
                         [master 59c5f6b] modificado
                         1 file changed, 3 insertions(+), 1 deletion(-)

             User@DESKTOP-4NJMGHV MINGW64 ~/Documents/NetBeansProjects/demo_crud (master)
$ git push origin master
                         Enumerating objects: 5, done.
                         Counting objects: 100% (5/5), done.
                         Delta compression using up to 4 threads
                         Compressing objects: 100% (3/3), done.
                         Writing objects: 100% (3/3), 295 bytes | 295.00 KiB/s, done.
                         Total 3 (delta 2), reused 0 (delta 0), pack-reused 0
                         remote: Resolving deltas: 100% (2/2), completed with 2 local objects.
                         To https://github.com/palaciosky/demo_crud.git
                         d59fd84..59c5f6b  master -> master

              User@DESKTOP-4NJMGHV MINGW64 ~/Documents/NetBeansProjects/demo_crud (master)
$ git status
              On branch master
              Your branch is up to date with 'origin/master'.

              nothing to commit, working tree clean

User@DESKTOP-4NJMGHV MINGW64 ~/Documents/NetBeansProjects/demo_crud (master)